Using Python 3.11.5 environment at: .venv-neutts
Resolved 106 packages in 150ms
Installed 100 packages in 21.53s
 + aiohappyeyeballs==2.7.1
 + aiohttp==3.14.3
 + aiosignal==1.4.0
 + annotated-doc==0.0.5
 + antlr4-python3-runtime==4.9.3
 + anyio==4.15.1
 + attrs==26.1.0
 + audioread==3.1.0
 + blobfile==3.3.0
 + certifi==2026.7.22
 + cffi==2.1.1
 + charset-normalizer==3.5.1
 + click==8.5.0
 + cloudpickle==3.1.2
 + colorama==0.4.6
 + datasets==5.0.1
 + decorator==5.3.1
 + dill==0.4.1
 + dlinfo==2.0.0
 + einops==0.8.2
 + einx==0.4.3
 + filelock==3.32.5
 + frozendict==2.4.7
 + frozenlist==1.8.0
 + fsspec==2026.6.0
 + gguf==0.19.0
 + h11==0.16.0
 + hf-xet==1.6.0
 + httpcore==1.0.9
 + httpx==0.28.1
 + huggingface-hub==1.30.0
 + hyper-connections==0.4.11
 + idna==3.19
 + joblib==1.6.0
 + kagglehub==1.0.2
 + kagglesdk==0.1.37
 + lazy-loader==0.5
 + librosa==0.11.0
 + llvmlite==0.49.0
 + local-attention==1.11.2
 + lxml==6.1.3
 + markdown-it-py==4.2.0
 + mdurl==0.1.2
 + mpmath==1.3.0
 + msgpack==1.2.2
 + multidict==6.7.1
 + multiprocess==0.70.19
 + narwhals==2.25.0
 + networkx==3.6.1
 + neucodec==0.0.6
 + neutts==1.4.1
 + numba==0.67.0
 + omegaconf==2.3.1
 + packaging==26.3
 + pandas==3.0.5
 + phonemizer==3.4.0
 + pillow==12.3.0
 + platformdirs==4.11.7
 + pooch==1.9.0
 + propcache==0.5.2
 + protobuf==7.36.1
 + psutil==7.2.2
 + pyarrow==25.0.1
 + pycparser==3.0
 + pycryptodomex==3.23.0
 + pygments==2.21.0
 + python-dateutil==2.9.0.post0
 + pyyaml==6.0.3
 + regex==2026.9.3
 + requests==2.34.2
 + resemble-perth==1.0.1
 + rich==15.0.0
 + safetensors==0.8.0
 + scikit-learn==1.9.0
 + scipy==1.17.1
 + sentencepiece==0.2.2
 + setuptools==84.0.0
 + shellingham==1.5.4
 + six==1.17.0
 + soundfile==0.13.1
 + soxr==1.1.0
 + sympy==1.14.0
 + threadpoolctl==3.6.0
 + tiktoken==0.14.0
 + tokenizers==0.22.2
 + torch==2.14.0
 + torch-einops-utils==0.1.25
 + torchao==0.18.0
 + torchaudio==2.11.0
 + torchdata==0.11.0
 + torchtune==0.6.1
 + tqdm==4.70.0
 + transformers==5.1.0
 + typer==0.27.2
 + typer-slim==0.24.0
 + tzdata==2026.3
 + urllib3==2.7.0
 + vector-quantize-pytorch==1.17.8
 + xxhash==4.0.1
 + yarl==1.24.5
warning: The package `huggingface-hub==1.30.0` does not have an extra named `hf-transfer`
