Loading nemo-parakeet-tdt-0.6b-v3 device=cpu quant=int8
loaded in 3.31s  active providers=['CPUExecutionProvider']
GPU mem (whole card): 2944 -> 2950 MiB of 24564
warm-up call: 0.163s
providers after warm-up: ['CPUExecutionProvider']
              nemo-parakeet-tdt-0.6b-v3 on cpu (int8), best of 3               
+-----------------------------------------------------------------------------+
|                file | audio_s | lat_min_s | lat_med_s | rtfx | wer_vs_handy |
|---------------------+---------+-----------+-----------+------+--------------|
| handy-1785143065.w… |   64.32 |     4.754 |    5.2115 | 13.5 |        0.053 |
| handy-1787724741.w… |    1.71 |    0.1764 |    0.1817 |  9.7 |          0.0 |
| handy-1787724752.w… |     1.2 |    0.1284 |    0.1504 |  9.3 |          0.0 |
| handy-1787878656.w… |    4.44 |    0.3382 |    0.3495 | 13.1 |        0.154 |
| handy-1787881187.w… |    2.79 |    0.2988 |    0.3037 |  9.3 |          0.0 |
+-----------------------------------------------------------------------------+

handy-1785143065.wav
  HYP: And then um so when I opened up the limit order um it didn't show up on 
the charts like to show where the limit order is. Um I don't know like it 
didn't visualize it. Um I also would like to be able to have um when I when I 
switch to like limit mode or something like that, or like when I go to 
anything, I want to be able to have the two buttons on the top on the top, 
right? So I can even probably like click on the buttons probably drag, and I 
want to be able to drag to anywhere, then it'll be able to take me and give me 
a line for a limit order for anywhere I want on the chart, and that'll be much 
easier than just type in the numbers. So if I like click on a button and then I
drag to somewhere, um and then if the price hits that thingy then I guess you 
know uh it will you know uh stop my order, but then I also need to have like 
buttons on that limit order and stuff like that that can cancel that limit 
order or something like that, or um execute if I need the market order right 
now, like if the power price uh passes me and stuff like that. So I just need 
to get that all done, please.
  REF: And then so when I opened up the limit order, it didn't show up on the 
charts like to show where the limit order is. so I don't know, like it didn't 
visualize it. I also would like to be able to have when I when I switch to like
limit mode or something like that, or like when I go to anything, I want to be 
able to have the two buttons on the top on the top, right? So I can even 
probably like click on the buttons, probably drag, and I want to be able to 
drag to anywhere, then it'll be able to take me and give me a line for a limit 
order for anywhere I want on the charts, and that'll be much easier than just 
type in the numbers. So if I like click on a button and then I drag to 
somewhere, and then if the price hits that thingy, then I guess you know it 
will you know stop my order, but then I also need to have like buttons on that 
limit order and stuff like that that can cancel that limit order or something 
like that, or execute if I need the market order right now, like if the price 
passes me and stuff like that. So I just need to get that all done, please.

handy-1787724741.wav
  HYP: Oh, that's very sweet.
  REF: Oh that's very sweet.

handy-1787724752.wav
  HYP: Thank you.
  REF: Thank you.

handy-1787878656.wav
  HYP: Uh testing, testing, one two, three. Okay, this is um you know, we're 
testing it.
  REF: testing, testing, one two, three, okay, this is you know, we're testing 
it.

handy-1787881187.wav
  HYP: Yeah, testing, testing, one, two, three.
  REF: Yeah, testing, testing, one two, three.

process GPU mem: None MiB   whole-card: (2944, 24564)
saved -> D:\Downloads\voiceAgent\results\offline_cpu_int8.json
